// Jest Snapshot v1, https://goo.gl/fbAQLP

exports[`<Welcome /> should render correctly 1`] = `
.c0 {
  position: absolute;
  top: 50%;
  left: 50%;
  -webkit-transform: translate(-50%,-50%);
  -ms-transform: translate(-50%,-50%);
  transform: translate(-50%,-50%);
}

.c2 {
  color: #FAFAFA;
  font-family: Lato;
  font-size: 2.8rem;
  font-weight: 400;
  text-align: left;
  -webkit-transition: color 0.4s ease-in-out;
  transition: color 0.4s ease-in-out;
}

.c2 strong {
  font-weight: 700;
}

.c1 {
  position: relative;
  display: -webkit-box;
  display: -webkit-flex;
  display: -ms-flexbox;
  display: flex;
  width: 80vw;
  -webkit-flex-direction: row;
  -ms-flex-direction: row;
  flex-direction: row;
}

.c1 span {
  display: -webkit-inline-box;
  display: -webkit-inline-flex;
  display: -ms-inline-flexbox;
  display: inline-flex;
  font-size: 5rem;
  margin-right: 3.2rem;
}

@media (max-width:768px) {
  .c1 {
    -webkit-flex-direction: column;
    -ms-flex-direction: column;
    flex-direction: column;
  }

  .c1 h1 {
    font-size: 2.4rem;
  }

  .c1 span {
    width: 7rem;
    margin-bottom: 1.6rem;
  }
}

<div
  class="c0"
>
  <div
    class="c1"
    style="opacity: 0;"
  >
    <span>
      ðŸ‘‹
    </span>
    <h1
      class="c2"
      color="text"
    >
      Hi,
      <br />
       
      I'm 
       
      <strong>
        &lt;RodrigoCichetto /&gt;
      </strong>
       // ðŸŽ® shibetto
    </h1>
  </div>
</div>
`;
