// Jest Snapshot v1, https://goo.gl/fbAQLP

exports[`<ProfilePicture /> should render correctly 1`] = `
.c0 {
  -webkit-align-items: center;
  -webkit-box-align: center;
  -ms-flex-align: center;
  align-items: center;
  display: -webkit-box;
  display: -webkit-flex;
  display: -ms-flexbox;
  display: flex;
  -webkit-flex-direction: column;
  -ms-flex-direction: column;
  flex-direction: column;
  width: 25rem;
  height: 30rem;
}

.c1 {
  border-radius: 50%;
  height: 31.2rem;
  -webkit-tap-highlight-color: transparent;
  -webkit-transform: scale(0.48);
  -ms-transform: scale(0.48);
  transform: scale(0.48);
  -webkit-transition: -webkit-transform 250ms cubic-bezier(0.4,0,0.2,1);
  -webkit-transition: transform 250ms cubic-bezier(0.4,0,0.2,1);
  transition: transform 250ms cubic-bezier(0.4,0,0.2,1);
  width: 40rem;
}

.c1:hover {
  -webkit-transform: scale(0.54);
  -ms-transform: scale(0.54);
  transform: scale(0.54);
}

.c1:hover img {
  width: 42rem;
  left: -0.5rem;
  top: 16rem;
}

.c1 img {
  pointer-events: none;
  position: relative;
  -webkit-transform: translateY(2rem) scale(1.15);
  -ms-transform: translateY(2rem) scale(1.15);
  transform: translateY(2rem) scale(1.15);
  -webkit-transform-origin: 50% bottom;
  -ms-transform-origin: 50% bottom;
  transform-origin: 50% bottom;
  -webkit-transition: width 300ms cubic-bezier(0.4,0,0.2,1),top 300ms cubic-bezier(0.4,0,0.2,1),left 300ms cubic-bezier(0.4,0,0.2,1);
  transition: width 300ms cubic-bezier(0.4,0,0.2,1),top 300ms cubic-bezier(0.4,0,0.2,1),left 300ms cubic-bezier(0.4,0,0.2,1);
  left: 0.5rem;
  top: 19rem;
  width: 40rem;
}

.c2 {
  -webkit-clip-path: path( 'M 390,400 C 390,504.9341 304.9341,590 200,590 95.065898,590 10,504.9341 10,400 V 10 H 200 390 Z' );
  clip-path: path( 'M 390,400 C 390,504.9341 304.9341,590 200,590 95.065898,590 10,504.9341 10,400 V 10 H 200 390 Z' );
  position: relative;
  -webkit-transform-origin: 50%;
  -ms-transform-origin: 50%;
  transform-origin: 50%;
  top: -20rem;
}

.c3 {
  background-color: #FAFAFA;
  border-radius: 50%;
  cursor: pointer;
  height: 38rem;
  left: 1rem;
  pointer-events: none;
  position: absolute;
  top: 21rem;
  width: 38rem;
}

<div
  class="c0"
>
  <div
    class="c1"
  >
    <div
      class="c2"
    >
      <span
        class="c3"
        color="menu"
      />
      <img
        src="/teste"
      />
    </div>
  </div>
</div>
`;
