// Jest Snapshot v1, https://goo.gl/fbAQLP

exports[`<Absolute /> should render correctly 1`] = `
.c0 {
  position: absolute;
}

<div
  class="c0"
>
  Example
</div>
`;
